// Jest Snapshot v1, https://goo.gl/fbAQLP

exports[`Component: Dimensions matches snapshot 1`] = `
<li
  className="dimensions"
>
  <div
    aria-describedby={undefined}
    className="MuiFormControl-root-1"
    onBlur={[Function]}
    onFocus={[Function]}
    required={false}
    style={
      Object {
        "marginRight": 5,
      }
    }
  >
    <label
      className="MuiFormLabel-root-11 MuiInputLabel-root-5 MuiInputLabel-formControl-6 MuiInputLabel-animated-9 MuiInputLabel-shrink-8"
      data-shrink={true}
      htmlFor={undefined}
    >
      width in px
    </label>
    <div
      className="MuiInput-root-15 MuiInput-formControl-16 MuiInput-inkbar-17 MuiInput-underline-21"
      onBlur={[Function]}
      onFocus={[Function]}
    >
      <input
        aria-invalid={false}
        aria-required={false}
        autoComplete={undefined}
        autoFocus={undefined}
        className="MuiInput-input-24 MuiInput-inputSingleline-27"
        defaultValue={undefined}
        disabled={false}
        id={undefined}
        name="width"
        onChange={[Function]}
        onKeyDown={undefined}
        onKeyUp={undefined}
        placeholder={undefined}
        readOnly={undefined}
        required={undefined}
        rows={undefined}
        type="number"
        value={20}
      />
    </div>
  </div>
  <div
    aria-describedby={undefined}
    className="MuiFormControl-root-1"
    onBlur={[Function]}
    onFocus={[Function]}
    required={false}
  >
    <label
      className="MuiFormLabel-root-11 MuiInputLabel-root-5 MuiInputLabel-formControl-6 MuiInputLabel-animated-9 MuiInputLabel-shrink-8"
      data-shrink={true}
      htmlFor={undefined}
    >
      height in px
    </label>
    <div
      className="MuiInput-root-15 MuiInput-formControl-16 MuiInput-inkbar-17 MuiInput-underline-21"
      onBlur={[Function]}
      onFocus={[Function]}
    >
      <input
        aria-invalid={false}
        aria-required={false}
        autoComplete={undefined}
        autoFocus={undefined}
        className="MuiInput-input-24 MuiInput-inputSingleline-27"
        defaultValue={undefined}
        disabled={false}
        id={undefined}
        name="height"
        onChange={[Function]}
        onKeyDown={undefined}
        onKeyUp={undefined}
        placeholder={undefined}
        readOnly={undefined}
        required={undefined}
        rows={undefined}
        type="number"
        value={20}
      />
    </div>
  </div>
  <button
    className="MuiButtonBase-root-37 MuiIconButton-root-30 MuiIconButton-colorPrimary-32 remove-dimensions"
    disabled={false}
    onBlur={[Function]}
    onClick={[Function]}
    onFocus={[Function]}
    onKeyDown={[Function]}
    onKeyUp={[Function]}
    onMouseDown={[Function]}
    onMouseLeave={[Function]}
    onMouseUp={[Function]}
    onTouchEnd={[Function]}
    onTouchMove={[Function]}
    onTouchStart={[Function]}
    role={undefined}
    style={
      Object {
        "height": 30,
        "padding": 0,
        "width": 30,
      }
    }
    tabIndex={0}
    type="button"
  >
    <span
      className="MuiIconButton-label-35"
    >
      <svg
        aria-hidden="true"
        className="MuiSvgIcon-root-39 MuiIconButton-icon-36"
        color={undefined}
        focusable="false"
        viewBox="0 0 24 24"
      >
        <path
          d="M19 13H5v-2h14v2z"
        />
      </svg>
    </span>
    <span
      className="MuiTouchRipple-root-45"
    />
  </button>
   
</li>
`;
